[metanft.hasnaanajmi.org/index.html]
[backblue.gif]
[fade.gif]
[index.html]
[metanft.hasnaanajmi.org/images/icon.png]
[metanft.hasnaanajmi.org/css/font-awesome.min.css]
[metanft.hasnaanajmi.org/css/bootstrap.min.css]
[metanft.hasnaanajmi.org/css/animate.min.css]
[metanft.hasnaanajmi.org/css/main.css]
[metanft.hasnaanajmi.org/index-2.html]
[metanft.hasnaanajmi.org/images/logo.png]
[metanft.hasnaanajmi.org/index-3.html]
[metanft.hasnaanajmi.org/about.html]
[metanft.hasnaanajmi.org/team.html]
[metanft.hasnaanajmi.org/faq.html]
[metanft.hasnaanajmi.org/shop.html]
[metanft.hasnaanajmi.org/collection.html]
[metanft.hasnaanajmi.org/roadmap.html]
[metanft.hasnaanajmi.org/blog.html]
[metanft.hasnaanajmi.org/blog-single.html]
[metanft.hasnaanajmi.org/contact.html]
[metanft.hasnaanajmi.org/images/home.png]
[metanft.hasnaanajmi.org/images/bid/4.jpg]
[metanft.hasnaanajmi.org/images/avatars/1.jpg]
[metanft.hasnaanajmi.org/images/bid/1.jpg]
[metanft.hasnaanajmi.org/images/avatars/2.jpg]
[metanft.hasnaanajmi.org/images/bid/2.jpg]
[metanft.hasnaanajmi.org/images/avatars/3.jpg]
[metanft.hasnaanajmi.org/images/about.png]
[metanft.hasnaanajmi.org/images/bid/3.jpg]
[metanft.hasnaanajmi.org/images/avatars/4.jpg]
[metanft.hasnaanajmi.org/images/bid/5.jpg]
[metanft.hasnaanajmi.org/images/avatars/6.jpg]
[metanft.hasnaanajmi.org/images/bid/6.jpg]
[metanft.hasnaanajmi.org/images/avatars/7.jpg]
[metanft.hasnaanajmi.org/images/bid/7.jpg]
[metanft.hasnaanajmi.org/images/avatars/14.jpg]
[metanft.hasnaanajmi.org/images/bid/11.jpg]
[metanft.hasnaanajmi.org/images/avatars/8.jpg]
[metanft.hasnaanajmi.org/images/avatars/11.jpg]
[metanft.hasnaanajmi.org/images/blog/1.jpg]
[metanft.hasnaanajmi.org/images/blog/2.jpg]
[metanft.hasnaanajmi.org/js/jquery-3.2.1.min.js]
[metanft.hasnaanajmi.org/js/popper.min.js]
[metanft.hasnaanajmi.org/js/bootstrap.min.js]
[metanft.hasnaanajmi.org/js/isotope.min.js]
[metanft.hasnaanajmi.org/js/wow.min.js]
[metanft.hasnaanajmi.org/index.html]
[metanft.hasnaanajmi.org/js/custom.js]
[metanft.hasnaanajmi.org/fonts/fontawesome-webfont3e6e.woff2]
[metanft.hasnaanajmi.org/fonts/fontawesome-webfont3e6e.eot]
[metanft.hasnaanajmi.org/fonts/fontawesome-webfontd41d.eot]
[metanft.hasnaanajmi.org/fonts/fontawesome-webfont3e6e.woff]
[metanft.hasnaanajmi.org/fonts/fontawesome-webfont3e6e.ttf]
[metanft.hasnaanajmi.org/css/font-awesome.min.css]
[metanft.hasnaanajmi.org/css/bootstrap.min.css]
[metanft.hasnaanajmi.org/css/animate.min.css]
[metanft.hasnaanajmi.org/images/footer-animation-bg.svg]
[metanft.hasnaanajmi.org/css/main.css]
[metanft.hasnaanajmi.org/css/colors/theme_color_1.css]
[metanft.hasnaanajmi.org/index-2.html]
[metanft.hasnaanajmi.org/css/owl.carousel.min.css]
[metanft.hasnaanajmi.org/css/owl.theme.default.min.css]
[metanft.hasnaanajmi.org/images/home.jpg]
[metanft.hasnaanajmi.org/images/home2.jpg]
[metanft.hasnaanajmi.org/fonts/fontawesome-webfont3e6e.svg]
[metanft.hasnaanajmi.org/images/home3.jpg]
[metanft.hasnaanajmi.org/images/collections/1.jpg]
[metanft.hasnaanajmi.org/images/collections/2.jpg]
[metanft.hasnaanajmi.org/images/collections/3.jpg]
[metanft.hasnaanajmi.org/images/collections/4.jpg]
[metanft.hasnaanajmi.org/images/collections/5.jpg]
[metanft.hasnaanajmi.org/images/collections/6.jpg]
[metanft.hasnaanajmi.org/images/collections/7.jpg]
[metanft.hasnaanajmi.org/images/collections/8.jpg]
[metanft.hasnaanajmi.org/images/collections/9.jpg]
[metanft.hasnaanajmi.org/images/collections/10.jpg]
[metanft.hasnaanajmi.org/images/collections/11.jpg]
[metanft.hasnaanajmi.org/images/collections/12.jpg]
[metanft.hasnaanajmi.org/js/owl.carousel.min.js]
[metanft.hasnaanajmi.org/index-3.html]
[metanft.hasnaanajmi.org/about.html]
[metanft.hasnaanajmi.org/team.html]
[metanft.hasnaanajmi.org/faq.html]
[metanft.hasnaanajmi.org/images/bid/9.jpg]
[metanft.hasnaanajmi.org/images/bid/10.jpg]
[metanft.hasnaanajmi.org/images/bid/13.jpg]
[metanft.hasnaanajmi.org/images/bid/14.jpg]
[metanft.hasnaanajmi.org/shop.html]
[metanft.hasnaanajmi.org/images/collections/13.jpg]
[metanft.hasnaanajmi.org/images/collections/14.jpg]
[metanft.hasnaanajmi.org/images/collections/15.jpg]
[metanft.hasnaanajmi.org/images/collections/16.jpg]
[metanft.hasnaanajmi.org/images/collections/21.jpg]
[metanft.hasnaanajmi.org/images/collections/22.jpg]
[metanft.hasnaanajmi.org/images/collections/23.jpg]
[metanft.hasnaanajmi.org/images/collections/24.jpg]
[metanft.hasnaanajmi.org/images/collections/17.jpg]
[metanft.hasnaanajmi.org/images/collections/18.jpg]
[metanft.hasnaanajmi.org/images/collections/19.jpg]
[metanft.hasnaanajmi.org/images/collections/20.jpg]
[metanft.hasnaanajmi.org/collection.html]
[metanft.hasnaanajmi.org/roadmap.html]
[metanft.hasnaanajmi.org/images/blog/3.jpg]
[metanft.hasnaanajmi.org/images/blog/4.jpg]
[metanft.hasnaanajmi.org/images/blog/5.jpg]
[metanft.hasnaanajmi.org/images/blog/6.jpg]
[metanft.hasnaanajmi.org/blog.html]
[metanft.hasnaanajmi.org/images/blog/7.jpg]
[metanft.hasnaanajmi.org/images/comments/1.jpg]
[metanft.hasnaanajmi.org/images/comments/2.jpg]
[metanft.hasnaanajmi.org/images/comments/3.jpg]
[metanft.hasnaanajmi.org/blog-single.html]
[metanft.hasnaanajmi.org/contact.html]
[metanft.hasnaanajmi.org/fonts/fontawesome-webfont3e6e.svg]
[metanft.hasnaanajmi.org/images/footer-animation-bg.svg]
[metanft.hasnaanajmi.org/css/owl.carousel.min.css]
[metanft.hasnaanajmi.org/css/owl.theme.default.min.css]
[metanft.hasnaanajmi.org/css/owl.video.play.html]
